[html.themexriver.com/avarton/index.html]
[backblue.gif]
[fade.gif]
[index.html]
[html.themexriver.com/avarton/assets/css/bootstrap.css]
[html.themexriver.com/avarton/assets/css/style.css]
[html.themexriver.com/avarton/assets/css/responsive.css]
[html.themexriver.com/avarton/assets/images/favicon.png]
[html.themexriver.com/avarton/assets/images/logo.png]
[html.themexriver.com/avarton/index-2.html]
[html.themexriver.com/avarton/index-3.html]
[html.themexriver.com/avarton/about.html]
[html.themexriver.com/avarton/faq.html]
[html.themexriver.com/avarton/price.html]
[html.themexriver.com/avarton/mentors.html]
[html.themexriver.com/avarton/mentor-detail.html]
[html.themexriver.com/avarton/services.html]
[html.themexriver.com/avarton/service-detail.html]
[html.themexriver.com/avarton/portfolio.html]
[html.themexriver.com/avarton/portfolio-detail.html]
[html.themexriver.com/avarton/courses.html]
[html.themexriver.com/avarton/course-detail.html]
[html.themexriver.com/avarton/blog.html]
[html.themexriver.com/avarton/blog-detail.html]
[html.themexriver.com/avarton/contact.html]
[html.themexriver.com/avarton/assets/images/logo-small.png]
[html.themexriver.com/avarton/assets/images/main-slider/image-1.jpg]
[html.themexriver.com/avarton/assets/images/main-slider/icons.png]
[html.themexriver.com/avarton/assets/images/resource/about-1.jpg]
[html.themexriver.com/avarton/assets/images/resource/service-1.jpg]
[html.themexriver.com/avarton/assets/images/resource/service-2.jpg]
[html.themexriver.com/avarton/assets/images/resource/service-3.jpg]
[html.themexriver.com/avarton/assets/images/resource/service-4.jpg]
[html.themexriver.com/avarton/assets/images/resource/service-5.jpg]
[html.themexriver.com/avarton/assets/images/background/pattern-1.png]
[html.themexriver.com/avarton/assets/images/resource/video-image.jpg]
[html.themexriver.com/avarton/assets/images/background/pattern-2.png]
[html.themexriver.com/avarton/assets/images/resource/course-1.jpg]
[html.themexriver.com/avarton/assets/images/resource/course-2.jpg]
[html.themexriver.com/avarton/assets/images/resource/course-3.jpg]
[html.themexriver.com/avarton/assets/images/resource/course-4.jpg]
[html.themexriver.com/avarton/assets/images/resource/author-1.jpg]
[html.themexriver.com/avarton/assets/images/resource/author-2.jpg]
[html.themexriver.com/avarton/assets/images/footer-logo.png]
[html.themexriver.com/avarton/assets/images/icons/payment.png]
[html.themexriver.com/avarton/assets/js/jquery.js]
[html.themexriver.com/avarton/assets/js/popper.min.js]
[html.themexriver.com/avarton/assets/js/bootstrap.min.js]
[html.themexriver.com/avarton/assets/plugins/revolution/js/jquery.themepunch.revolution.min.js]
[html.themexriver.com/avarton/assets/plugins/revolution/js/jquery.themepunch.tools.min.js]
[html.themexriver.com/avarton/assets/plugins/revolution/js/extensions/revolution.extension.actions.min.js]
[html.themexriver.com/avarton/assets/plugins/revolution/js/extensions/revolution.extension.carousel.min.js]
[html.themexriver.com/avarton/assets/plugins/revolution/js/extensions/revolution.extension.kenburn.min.js]
[html.themexriver.com/avarton/assets/plugins/revolution/js/extensions/revolution.extension.layeranimation.min.js]
[html.themexriver.com/avarton/assets/plugins/revolution/js/extensions/revolution.extension.migration.min.js]
[html.themexriver.com/avarton/assets/plugins/revolution/js/extensions/revolution.extension.navigation.min.js]
[html.themexriver.com/avarton/assets/plugins/revolution/js/extensions/revolution.extension.parallax.min.js]
[html.themexriver.com/avarton/assets/plugins/revolution/js/extensions/revolution.extension.slideanims.min.js]
[html.themexriver.com/avarton/assets/plugins/revolution/js/extensions/revolution.extension.video.min.js]
[html.themexriver.com/avarton/assets/plugins/revolution/js/main-slider-script.js]
[html.themexriver.com/avarton/assets/js/jquery.mCustomScrollbar.concat.min.js]
[html.themexriver.com/avarton/assets/js/jquery.fancybox.js]
[html.themexriver.com/avarton/assets/js/appear.js]
[html.themexriver.com/avarton/assets/js/parallax.min.js]
[html.themexriver.com/avarton/assets/js/tilt.jquery.min.js]
[html.themexriver.com/avarton/assets/js/jquery.paroller.min.js]
[html.themexriver.com/avarton/assets/js/owl.js]
[html.themexriver.com/avarton/assets/js/wow.js]
[html.themexriver.com/avarton/assets/js/validate.js]
[html.themexriver.com/avarton/assets/js/nav-tool.js]
[html.themexriver.com/avarton/index.html]
[html.themexriver.com/avarton/assets/css/bootstrap.css]
[html.themexriver.com/avarton/assets/js/script.js]
[html.themexriver.com/avarton/assets/js/jquery-ui.js]
[html.themexriver.com/avarton/assets/css/global.css]
[html.themexriver.com/avarton/assets/css/header.css]
[html.themexriver.com/avarton/assets/css/footer.css]
[html.themexriver.com/avarton/assets/css/font-awesome.css]
[html.themexriver.com/avarton/assets/css/flaticon.css]
[html.themexriver.com/avarton/assets/css/animate.css]
[html.themexriver.com/avarton/assets/css/owl.css]
[html.themexriver.com/avarton/assets/css/jquery-ui.css]
[html.themexriver.com/avarton/assets/css/custom-animate.css]
[html.themexriver.com/avarton/assets/css/jquery.fancybox.min.css]
[html.themexriver.com/avarton/assets/css/style.css]
[html.themexriver.com/avarton/assets/css/responsive.css]
[html.themexriver.com/avarton/assets/css/jquery.mCustomScrollbar.min.css]
[html.themexriver.com/avarton/assets/images/logo-2.png]
[html.themexriver.com/avarton/assets/images/resource/banner.jpg]
[html.themexriver.com/avarton/assets/images/resource/choose-1.jpg]
[html.themexriver.com/avarton/assets/images/resource/choose-2.jpg]
[html.themexriver.com/avarton/assets/images/resource/author-10.jpg]
[html.themexriver.com/avarton/assets/images/icons/signature.png]
[html.themexriver.com/avarton/assets/images/clients/7.png]
[html.themexriver.com/avarton/assets/images/clients/8.png]
[html.themexriver.com/avarton/assets/images/clients/9.png]
[html.themexriver.com/avarton/assets/images/clients/10.png]
[html.themexriver.com/avarton/assets/images/clients/11.png]
[html.themexriver.com/avarton/assets/images/resource/course-21.jpg]
[html.themexriver.com/avarton/assets/images/resource/course-22.jpg]
[html.themexriver.com/avarton/assets/images/resource/course-23.jpg]
[html.themexriver.com/avarton/assets/images/resource/course-24.jpg]
[html.themexriver.com/avarton/assets/images/resource/course-25.jpg]
[html.themexriver.com/avarton/assets/images/resource/course-26.jpg]
[html.themexriver.com/avarton/assets/images/resource/course-27.jpg]
[html.themexriver.com/avarton/assets/images/resource/course-28.jpg]
[html.themexriver.com/avarton/assets/images/resource/cta.png]
[html.themexriver.com/avarton/assets/images/resource/education.jpg]
[html.themexriver.com/avarton/assets/images/icons/category-1.png]
[html.themexriver.com/avarton/courses-detail.html]
[html.themexriver.com/avarton/assets/images/icons/category-2.png]
[html.themexriver.com/avarton/assets/images/icons/category-3.png]
[html.themexriver.com/avarton/assets/images/icons/category-4.png]
[html.themexriver.com/avarton/assets/images/icons/category-5.png]
[html.themexriver.com/avarton/assets/images/icons/category-6.png]
[html.themexriver.com/avarton/assets/images/icons/category-7.png]
[html.themexriver.com/avarton/assets/images/icons/category-8.png]
[html.themexriver.com/avarton/assets/images/icons/quote-icon.png]
[html.themexriver.com/avarton/assets/images/resource/author-11.jpg]
[html.themexriver.com/avarton/assets/images/resource/author-12.jpg]
[html.themexriver.com/avarton/assets/images/resource/author-13.jpg]
[html.themexriver.com/avarton/assets/images/resource/author-14.jpg]
[html.themexriver.com/avarton/assets/images/resource/author-15.jpg]
[html.themexriver.com/avarton/assets/images/resource/author-16.jpg]
[html.themexriver.com/avarton/assets/images/resource/author-17.jpg]
[html.themexriver.com/avarton/assets/images/resource/author-18.jpg]
[html.themexriver.com/avarton/assets/images/resource/author-19.jpg]
[html.themexriver.com/avarton/assets/images/resource/news-7.jpg]
[html.themexriver.com/avarton/assets/images/resource/news-8.jpg]
[html.themexriver.com/avarton/assets/images/resource/news-9.jpg]
[html.themexriver.com/avarton/assets/images/background/3.jpg]
[html.themexriver.com/avarton/assets/images/footer-logo-2.png]
[html.themexriver.com/avarton/assets/images/resource/post-thumb-5.jpg]
[html.themexriver.com/avarton/assets/images/resource/post-thumb-6.jpg]
[html.themexriver.com/avarton/assets/js/mixitup.js]
[html.themexriver.com/avarton/assets/js/swiper-bundle.min.js]
[html.themexriver.com/avarton/assets/js/gsap.min.js]
[html.themexriver.com/avarton/assets/js/ScrollTrigger.min.js]
[html.themexriver.com/avarton/index-2.html]
[html.themexriver.com/avarton/assets/js/trigger-script.js]
[html.themexriver.com/avarton/assets/images/main-slider/curve.png]
[html.themexriver.com/avarton/assets/images/main-slider/image-4.jpg]
[html.themexriver.com/avarton/assets/images/resource/service-icon-1.jpg]
[html.themexriver.com/avarton/assets/images/resource/service-icon-2.jpg]
[html.themexriver.com/avarton/assets/images/resource/service-icon-3.jpg]
[html.themexriver.com/avarton/assets/images/resource/service-icon-4.jpg]
[html.themexriver.com/avarton/assets/images/resource/video-image-3.jpg]
[html.themexriver.com/avarton/assets/images/resource/video-image-4.jpg]
[html.themexriver.com/avarton/assets/images/resource/video-image-5.jpg]
[html.themexriver.com/avarton/assets/images/resource/video-image-6.jpg]
[html.themexriver.com/avarton/assets/images/resource/video-image-7.jpg]
[html.themexriver.com/avarton/assets/images/resource/video-image-8.jpg]
[html.themexriver.com/avarton/assets/images/resource/video-image-9.jpg]
[html.themexriver.com/avarton/assets/images/resource/course-29.jpg]
[html.themexriver.com/avarton/assets/images/resource/course-30.jpg]
[html.themexriver.com/avarton/assets/images/resource/course-31.jpg]
[html.themexriver.com/avarton/assets/images/background/4.jpg]
[html.themexriver.com/avarton/assets/images/resource/video-image-2.jpg]
[html.themexriver.com/avarton/assets/images/background/pattern-3.png]
[html.themexriver.com/avarton/assets/images/resource/accordion.jpg]
[html.themexriver.com/avarton/assets/images/resource/contact-1.jpg]
[html.themexriver.com/avarton/assets/images/resource/contact-2.jpg]
[html.themexriver.com/avarton/assets/images/resource/author-20.jpg]
[html.themexriver.com/avarton/assets/images/resource/news-10.jpg]
[html.themexriver.com/avarton/assets/images/footer-logo-3.png]
[html.themexriver.com/avarton/index-3.html]
[html.themexriver.com/avarton/assets/images/background/1.jpg]
[html.themexriver.com/avarton/assets/images/resource/years.png]
[html.themexriver.com/avarton/course_details]
[html.themexriver.com/avarton/assets/images/resource/year-1.jpg]
[html.themexriver.com/avarton/assets/images/resource/year-2.jpg]
[html.themexriver.com/avarton/assets/images/resource/year-3.jpg]
[html.themexriver.com/avarton/assets/images/resource/year-4.jpg]
[html.themexriver.com/avarton/assets/images/resource/skill.jpg]
[html.themexriver.com/avarton/assets/images/clients/1.png]
[html.themexriver.com/avarton/assets/images/clients/2.png]
[html.themexriver.com/avarton/assets/images/clients/3.png]
[html.themexriver.com/avarton/assets/images/clients/4.png]
[html.themexriver.com/avarton/assets/images/clients/5.png]
[html.themexriver.com/avarton/assets/images/clients/6.png]
[html.themexriver.com/avarton/about.html]
[html.themexriver.com/avarton/assets/images/background/2.jpg]
[html.themexriver.com/avarton/faq.html]
[html.themexriver.com/avarton/price.html]
[html.themexriver.com/avarton/assets/images/resource/mentor-1.jpg]
[html.themexriver.com/avarton/assets/images/resource/mentor-2.jpg]
[html.themexriver.com/avarton/assets/images/resource/mentor-3.jpg]
[html.themexriver.com/avarton/assets/images/resource/mentor-4.jpg]
[html.themexriver.com/avarton/assets/images/resource/mentor-5.jpg]
[html.themexriver.com/avarton/assets/images/resource/mentor-6.jpg]
[html.themexriver.com/avarton/assets/images/resource/mentor-7.jpg]
[html.themexriver.com/avarton/assets/images/resource/mentor-8.jpg]
[html.themexriver.com/avarton/mentors.html]
[html.themexriver.com/avarton/assets/images/resource/mentor-9.jpg]
[html.themexriver.com/avarton/assets/images/resource/certificate.jpg]
[html.themexriver.com/avarton/mentor-detail.html]
[html.themexriver.com/avarton/assets/images/resource/service-6.jpg]
[html.themexriver.com/avarton/assets/images/resource/service-7.jpg]
[html.themexriver.com/avarton/services.html]
[html.themexriver.com/avarton/assets/images/resource/service-8.jpg]
[html.themexriver.com/avarton/assets/images/resource/service-9.jpg]
[html.themexriver.com/avarton/assets/images/resource/service-10.jpg]
[html.themexriver.com/avarton/assets/images/resource/service-11.jpg]
[html.themexriver.com/avarton/assets/images/resource/service-12.jpg]
[html.themexriver.com/avarton/service-detail.html]
[html.themexriver.com/avarton/assets/images/gallery/1.jpg]
[html.themexriver.com/avarton/assets/images/gallery/2.jpg]
[html.themexriver.com/avarton/assets/images/gallery/3.jpg]
[html.themexriver.com/avarton/assets/images/gallery/4.jpg]
[html.themexriver.com/avarton/assets/images/gallery/5.jpg]
[html.themexriver.com/avarton/assets/images/gallery/6.jpg]
[html.themexriver.com/avarton/assets/images/gallery/7.jpg]
[html.themexriver.com/avarton/assets/images/gallery/8.jpg]
[html.themexriver.com/avarton/assets/images/gallery/9.jpg]
[html.themexriver.com/avarton/assets/images/gallery/10.jpg]
[html.themexriver.com/avarton/assets/images/gallery/11.jpg]
[html.themexriver.com/avarton/assets/images/gallery/12.jpg]
[html.themexriver.com/avarton/portfolio.html]
[html.themexriver.com/avarton/assets/images/gallery/13.jpg]
[html.themexriver.com/avarton/assets/images/gallery/14.jpg]
[html.themexriver.com/avarton/assets/images/gallery/15.jpg]
[html.themexriver.com/avarton/assets/images/gallery/16.jpg]
[html.themexriver.com/avarton/assets/images/gallery/17.jpg]
[html.themexriver.com/avarton/portfolio-detail.html]
[html.themexriver.com/avarton/assets/images/resource/course-5.jpg]
[html.themexriver.com/avarton/assets/images/resource/course-6.jpg]
[html.themexriver.com/avarton/assets/images/resource/course-7.jpg]
[html.themexriver.com/avarton/assets/images/resource/course-8.jpg]
[html.themexriver.com/avarton/assets/images/resource/course-9.jpg]
[html.themexriver.com/avarton/assets/images/resource/course-10.jpg]
[html.themexriver.com/avarton/assets/images/resource/course-11.jpg]
[html.themexriver.com/avarton/assets/images/resource/course-12.jpg]
[html.themexriver.com/avarton/assets/images/resource/course-13.jpg]
[html.themexriver.com/avarton/assets/images/resource/course-14.jpg]
[html.themexriver.com/avarton/assets/images/resource/course-15.jpg]
[html.themexriver.com/avarton/assets/images/resource/course-16.jpg]
[html.themexriver.com/avarton/assets/images/resource/course-17.jpg]
[html.themexriver.com/avarton/assets/images/resource/course-18.jpg]
[html.themexriver.com/avarton/assets/images/resource/course-19.jpg]
[html.themexriver.com/avarton/assets/images/resource/course-20.jpg]
[html.themexriver.com/avarton/courses.html]
[html.themexriver.com/avarton/assets/images/resource/author-3.jpg]
[html.themexriver.com/avarton/assets/images/resource/author-9.jpg]
[html.themexriver.com/avarton/assets/images/resource/video-image-1.jpg]
[html.themexriver.com/avarton/course-detail.html]
[html.themexriver.com/avarton/assets/images/resource/news-1.jpg]
[html.themexriver.com/avarton/assets/images/resource/author-4.jpg]
[html.themexriver.com/avarton/assets/images/resource/news-2.jpg]
[html.themexriver.com/avarton/assets/images/resource/news-3.jpg]
[html.themexriver.com/avarton/assets/images/resource/news-4.jpg]
[html.themexriver.com/avarton/assets/images/resource/about-widget.jpg]
[html.themexriver.com/avarton/assets/images/resource/post-thumb-1.jpg]
[html.themexriver.com/avarton/assets/images/resource/post-thumb-2.jpg]
[html.themexriver.com/avarton/assets/images/resource/post-thumb-3.jpg]
[html.themexriver.com/avarton/assets/images/resource/post-thumb-4.jpg]
[html.themexriver.com/avarton/assets/images/resource/add.jpg]
[html.themexriver.com/avarton/blog.html]
[html.themexriver.com/avarton/assets/images/resource/news-5.jpg]
[html.themexriver.com/avarton/assets/images/resource/news-6.jpg]
[html.themexriver.com/avarton/assets/images/resource/author-5.jpg]
[html.themexriver.com/avarton/assets/images/resource/author-6.jpg]
[html.themexriver.com/avarton/assets/images/resource/author-7.jpg]
[html.themexriver.com/avarton/assets/images/resource/author-8.jpg]
[html.themexriver.com/avarton/blog-detail.html]
[html.themexriver.com/avarton/contact.html]
[html.themexriver.com/avarton/assets/fonts/Gilroy-Bold.eot]
[html.themexriver.com/avarton/assets/fonts/Gilroy-Boldd41d.eot]
[html.themexriver.com/avarton/assets/fonts/Gilroy-Bold.woff2]
[html.themexriver.com/avarton/assets/fonts/Gilroy-Bold.woff]
[html.themexriver.com/avarton/assets/fonts/Gilroy-Bold.ttf]
[html.themexriver.com/avarton/assets/fonts/Gilroy-Regular.eot]
[html.themexriver.com/avarton/assets/fonts/Gilroy-Regulard41d.eot]
[html.themexriver.com/avarton/assets/fonts/Gilroy-Regular.woff2]
[html.themexriver.com/avarton/assets/fonts/Gilroy-Regular.woff]
[html.themexriver.com/avarton/assets/fonts/Gilroy-Regular.ttf]
[html.themexriver.com/avarton/assets/fonts/Shorelines-Script-Bold.eot]
[html.themexriver.com/avarton/assets/fonts/Shorelines-Script-Boldd41d.eot]
[html.themexriver.com/avarton/assets/fonts/Shorelines-Script-Bold.woff2]
[html.themexriver.com/avarton/assets/fonts/Shorelines-Script-Bold.woff]
[html.themexriver.com/avarton/assets/fonts/Shorelines-Script-Bold.ttf]
[html.themexriver.com/avarton/assets/css/global.css]
[html.themexriver.com/avarton/assets/images/icons/preloader.svg]
[html.themexriver.com/avarton/assets/images/icons/waves-shape.png]
[html.themexriver.com/avarton/assets/css/header.css]
[html.themexriver.com/avarton/assets/css/footer.css]
[html.themexriver.com/avarton/assets/fonts/fontawesome-webfonte0a5.eot]
[html.themexriver.com/avarton/assets/fonts/fontawesome-webfontd41d.eot]
[html.themexriver.com/avarton/assets/fonts/fontawesome-webfonte0a5.woff2]
[html.themexriver.com/avarton/assets/fonts/fontawesome-webfonte0a5.woff]
[html.themexriver.com/avarton/assets/fonts/fontawesome-webfonte0a5.ttf]
[html.themexriver.com/avarton/assets/css/font-awesome.css]
[html.themexriver.com/avarton/assets/fonts/fontawesome-webfonte0a5.svg]
[html.themexriver.com/avarton/assets/fonts/flaticon.ttf]
[html.themexriver.com/avarton/assets/fonts/flaticon.woff]
[html.themexriver.com/avarton/assets/fonts/flaticon.woff2]
[html.themexriver.com/avarton/assets/fonts/flaticon.eot]
[html.themexriver.com/avarton/assets/css/flaticon.css]
[html.themexriver.com/avarton/assets/css/animate.css]
[html.themexriver.com/avarton/assets/fonts/flaticon.svg]
[html.themexriver.com/avarton/assets/css/owl.video.play.png]
[html.themexriver.com/avarton/assets/images/cross-out.png]
[html.themexriver.com/avarton/assets/css/owl.css]
[html.themexriver.com/avarton/assets/css/images/ui-icons_444444_256x240.png]
[html.themexriver.com/avarton/assets/css/images/ui-icons_777620_256x240.png]
[html.themexriver.com/avarton/assets/css/images/ui-icons_cc0000_256x240.png]
[html.themexriver.com/avarton/assets/css/images/ui-icons_777777_256x240.png]
[html.themexriver.com/avarton/assets/css/jquery-ui.css]
[html.themexriver.com/avarton/assets/css/custom-animate.css]
[html.themexriver.com/avarton/assets/css/jquery.fancybox.min.css]
[html.themexriver.com/avarton/assets/css/mCSB_buttons.html]
[html.themexriver.com/avarton/assets/css/jquery.mCustomScrollbar.min.css]
[html.themexriver.com/avarton/courses-detail.html]
[html.themexriver.com/avarton/course_details.html]
[html.themexriver.com/avarton/assets/fonts/Gilroy-Bold.html]
[html.themexriver.com/avarton/assets/fonts/Gilroy-Boldd41d.html]
[html.themexriver.com/avarton/assets/fonts/Gilroy-Regular.html]
[html.themexriver.com/avarton/assets/fonts/Gilroy-Regulard41d.html]
[html.themexriver.com/avarton/assets/fonts/Shorelines-Script-Bold.html]
[html.themexriver.com/avarton/assets/fonts/Shorelines-Script-Boldd41d.html]
[html.themexriver.com/avarton/assets/fonts/Shorelines-Script-Bold-2.html]
[html.themexriver.com/avarton/assets/images/icons/preloader.svg]
[html.themexriver.com/avarton/assets/fonts/fontawesome-webfonte0a5.html]
[html.themexriver.com/avarton/assets/fonts/fontawesome-webfontd41d.html]
[html.themexriver.com/avarton/assets/fonts/fontawesome-webfonte0a5.svg]
[html.themexriver.com/avarton/assets/fonts/flaticon.html]
[html.themexriver.com/avarton/assets/fonts/flaticon.svg]
[html.themexriver.com/avarton/assets/css/owl.video.play.html]
[html.themexriver.com/avarton/assets/css/images/ui-icons_444444_256x240.html]
[html.themexriver.com/avarton/assets/css/images/ui-icons_777620_256x240.html]
[html.themexriver.com/avarton/assets/css/images/ui-icons_cc0000_256x240.html]
[html.themexriver.com/avarton/assets/css/images/ui-icons_777777_256x240.html]
[html.themexriver.com/avarton/assets/css/mCSB_buttons.html]
